int x;
int x;

int func(int a);
int func(int a);
int func(int a) {
    return a;
}
int func(int a) {
    return a;
}

int main() {
    int i, j, k = 5;
    i = 1;
    j = 2;
    return 0;
}
